
> custom-ceramic-mug-landing-page@0.1.0 build
> next build

  ▲ Next.js 14.2.7
  - Environments: .env.local

